// Jest Snapshot v1, https://goo.gl/fbAQLP

exports[`Mode:getKeys 1`] = `
[
  "C",
  "G",
  "D",
  "A",
  "E",
  "B",
  "F",
  "B♭",
  "E♭",
  "A♭",
  "D♭",
  "G♭",
]
`;

exports[`Mode:modes 1`] = `
[
  {
    "label": "Natural Major",
    "value": 0,
  },
  {
    "label": "Harmonic Major",
    "value": 1,
  },
  {
    "label": "Melodic Major",
    "value": 2,
  },
  {
    "label": "Natural Minor",
    "value": 3,
  },
  {
    "label": "Harmonic Minor",
    "value": 4,
  },
  {
    "label": "Melodic Minor",
    "value": 5,
  },
  {
    "label": "Ionian",
    "value": 6,
  },
  {
    "label": "Dorian",
    "value": 7,
  },
  {
    "label": "Phrygian",
    "value": 8,
  },
  {
    "label": "Lydian",
    "value": 9,
  },
  {
    "label": "Mixolydian",
    "value": 10,
  },
  {
    "label": "Aeolian",
    "value": 11,
  },
  {
    "label": "Locrian",
    "value": 12,
  },
]
`;

exports[`scale notes should match 1`] = `
[
  "C Natural Major: C D E F G A B",
  "G Natural Major: G A B C D E F♯",
  "D Natural Major: D E F♯ G A B C♯",
  "A Natural Major: A B C♯ D E F♯ G♯",
  "E Natural Major: E F♯ G♯ A B C♯ D♯",
  "B Natural Major: B C♯ D♯ E F♯ G♯ A♯",
  "G♭ Natural Major: G♭ A♭ B♭ C♭ D♭ E♭ F",
  "D♭ Natural Major: D♭ E♭ F G♭ A♭ B♭ C",
  "A♭ Natural Major: A♭ B♭ C D♭ E♭ F G",
  "E♭ Natural Major: E♭ F G A♭ B♭ C D",
  "B♭ Natural Major: B♭ C D E♭ F G A",
  "F Natural Major: F G A B♭ C D E",
  "A Natural Minor: A B C D E F G",
  "E Natural Minor: E F♯ G A B C D",
  "B Natural Minor: B C♯ D E F♯ G A",
  "F♯ Natural Minor: F♯ G♯ A B C♯ D E",
  "C♯ Natural Minor: C♯ D♯ E F♯ G♯ A B",
  "G♯ Natural Minor: G♯ A♯ B C♯ D♯ E F♯",
  "D♯ Natural Minor: D♯ E♯ F♯ G♯ A♯ B C♯",
  "B♭ Natural Minor: B♭ C D♭ E♭ F G♭ A♭",
  "F Natural Minor: F G A♭ B♭ C D♭ E♭",
  "C Natural Minor: C D E♭ F G A♭ B♭",
  "G Natural Minor: G A B♭ C D E♭ F",
  "D Natural Minor: D E F G A B♭ C",
  "A Harmonic Minor: A B C D E F G♯",
  "E Harmonic Minor: E F♯ G A B C D♯",
  "B Harmonic Minor: B C♯ D E F♯ G A♯",
  "F♯ Harmonic Minor: F♯ G♯ A B C♯ D E♯",
  "C♯ Harmonic Minor: C♯ D♯ E F♯ G♯ A B♯",
  "G♯ Harmonic Minor: G♯ A♯ B C♯ D♯ E F𝄪",
  "D♯ Harmonic Minor: D♯ E♯ F♯ G♯ A♯ B C𝄪",
  "B♭ Harmonic Minor: B♭ C D♭ E♭ F G♭ A♮",
  "F Harmonic Minor: F G A♭ B♭ C D♭ E♮",
  "C Harmonic Minor: C D E♭ F G A♭ B♮",
  "G Harmonic Minor: G A B♭ C D E♭ F♯",
  "D Harmonic Minor: D E F G A B♭ C♯",
]
`;
